[2026-04-29T03:35:07Z DEBUG qhints_rs] Config loaded in 11.745µs
[2026-04-29T03:35:07Z DEBUG qhints_rs] X11 init in 223.581µs
[2026-04-29T03:35:07Z DEBUG qhints_rs] Active window: 'antigravity' (PID 143769) at (1920, 40, 1920, 1040)
[2026-04-29T03:35:07Z DEBUG qhints_rs::backend::atspi] Getting desktop proxy...
[2026-04-29T03:35:07Z DEBUG qhints_rs::backend::atspi] Desktop proxy built. Getting app count...
[2026-04-29T03:35:07Z DEBUG qhints_rs::backend::atspi] App count: 19
[2026-04-29T03:35:07Z DEBUG qhints_rs::backend::atspi] Getting app 0/19
[2026-04-29T03:35:07Z DEBUG qhints_rs::backend::atspi] Getting win count for app 0
[2026-04-29T03:35:07Z DEBUG qhints_rs::backend::atspi] Getting app 1/19
[2026-04-29T03:35:07Z DEBUG qhints_rs::backend::atspi] Getting win count for app 1
[2026-04-29T03:35:07Z DEBUG qhints_rs::backend::atspi] Getting app 2/19
[2026-04-29T03:35:07Z DEBUG qhints_rs::backend::atspi] Getting win count for app 2
[2026-04-29T03:35:07Z DEBUG qhints_rs::backend::atspi] Getting app 3/19
[2026-04-29T03:35:07Z DEBUG qhints_rs::backend::atspi] Getting win count for app 3
[2026-04-29T03:35:07Z DEBUG qhints_rs::backend::atspi] Getting app 4/19
[2026-04-29T03:35:07Z DEBUG qhints_rs::backend::atspi] Getting win count for app 4
[2026-04-29T03:35:07Z DEBUG qhints_rs::backend::atspi] Getting app 5/19
[2026-04-29T03:35:07Z DEBUG qhints_rs::backend::atspi] Getting win count for app 5
[2026-04-29T03:35:07Z DEBUG qhints_rs::backend::atspi] Getting app 6/19
[2026-04-29T03:35:07Z DEBUG qhints_rs::backend::atspi] Getting win count for app 6
[2026-04-29T03:35:07Z DEBUG qhints_rs::backend::atspi] Getting app 7/19
[2026-04-29T03:35:07Z DEBUG qhints_rs::backend::atspi] Getting win count for app 7
[2026-04-29T03:35:07Z DEBUG qhints_rs::backend::atspi] Getting app 8/19
[2026-04-29T03:35:07Z DEBUG qhints_rs::backend::atspi] Getting win count for app 8
[2026-04-29T03:35:07Z DEBUG qhints_rs::backend::atspi] Getting app 9/19
[2026-04-29T03:35:07Z DEBUG qhints_rs::backend::atspi] Getting win count for app 9
[2026-04-29T03:35:07Z DEBUG qhints_rs::backend::atspi] Getting app 10/19
[2026-04-29T03:35:07Z DEBUG qhints_rs::backend::atspi] Getting win count for app 10
[2026-04-29T03:35:07Z DEBUG qhints_rs::backend::atspi] Getting app 11/19
[2026-04-29T03:35:07Z DEBUG qhints_rs::backend::atspi] Getting win count for app 11
[2026-04-29T03:35:07Z DEBUG qhints_rs::backend::atspi] Getting app 12/19
[2026-04-29T03:35:07Z DEBUG qhints_rs::backend::atspi] Getting win count for app 12
[2026-04-29T03:35:07Z DEBUG qhints_rs::backend::atspi] Getting app 13/19
[2026-04-29T03:35:07Z DEBUG qhints_rs::backend::atspi] Getting win count for app 13
[2026-04-29T03:35:07Z DEBUG qhints_rs::backend::atspi] Getting app 14/19
[2026-04-29T03:35:07Z DEBUG qhints_rs::backend::atspi] Getting win count for app 14
[2026-04-29T03:35:07Z DEBUG qhints_rs::backend::atspi] Getting win 0/1
[2026-04-29T03:35:07Z DEBUG qhints_rs::backend::atspi] Getting app 15/19
[2026-04-29T03:35:07Z DEBUG qhints_rs::backend::atspi] Getting win count for app 15
[2026-04-29T03:35:07Z DEBUG qhints_rs::backend::atspi] Getting win 0/1
[2026-04-29T03:35:07Z DEBUG qhints_rs::backend::atspi] Getting app 16/19
[2026-04-29T03:35:07Z DEBUG qhints_rs::backend::atspi] Getting win count for app 16
[2026-04-29T03:35:07Z DEBUG qhints_rs::backend::atspi] Getting app 17/19
[2026-04-29T03:35:07Z DEBUG qhints_rs::backend::atspi] Getting win count for app 17
[2026-04-29T03:35:07Z DEBUG qhints_rs::backend::atspi] Getting win 0/2
[2026-04-29T03:35:07Z DEBUG qhints_rs::backend::atspi] Getting win 1/2
[2026-04-29T03:35:07Z DEBUG qhints_rs::backend::atspi] Getting app 18/19
[2026-04-29T03:35:07Z DEBUG qhints_rs::backend::atspi] Getting win count for app 18
[2026-04-29T03:35:07Z DEBUG qhints_rs::backend::atspi] Getting win 0/1
[2026-04-29T03:35:07Z DEBUG qhints_rs] AT-SPI: No accessible children found
[2026-04-29T03:35:07Z DEBUG qhints_rs] AT-SPI tree walk: 11.406252ms (0 children)
[2026-04-29T03:35:07Z DEBUG qhints_rs] AT-SPI found no children. Falling back to Imageproc.
[2026-04-29T03:35:07Z DEBUG qhints_rs] Imageproc fallback: 117.486281ms (68 children)
[2026-04-29T03:35:07Z DEBUG qhints_rs] Hint computation: 15.256µs (68 hints)
[2026-04-29T03:35:07Z DEBUG qhints_rs] Total pre-overlay: 129.322678ms
